[1] S1_T1_n40000_c0_cc0_per_change                             run=     0.0ms  closure=      0  eff=     0  fdbc8189a7a2
[1] S1_T1_n40000_c1_cc0_per_change                             run=     0.0ms  closure=      0  eff=     0  fdbc8189a7a2
[1] S1_T1_n40000_c2_cc0_per_change                             run=     0.0ms  closure=      0  eff=     0  fdbc8189a7a2
[1] S2_T1_n40000_c0_cc1_per_change                             run=    33.7ms  closure=  40000  eff=     1  49ca8fa9b098
[1] S2_T1_n40000_c1_cc1_per_change                             run=     9.3ms  closure=      1  eff=     1  49ca8fa9b098
[1] S2_T1_n40000_c2_cc1_per_change                             run=     0.0ms  closure=      1  eff=     1  49ca8fa9b098
[1] S3_T3_n40000_c0_cc1_per_change                             run=    75.3ms  closure=  40000  eff= 12326  d06b92bcc09f
[1] S3_T3_n40000_c1_cc1_per_change                             run=    85.1ms  closure=  14566  eff= 12326  d06b92bcc09f
[1] S3_T3_n40000_c2_cc1_per_change                             run=    52.7ms  closure=  14566  eff= 12326  d06b92bcc09f
[1] S4_T1_n40000_c0_cc400_per_change                           run= 13765.6ms  closure=  40000  eff= 39718  3677ddfb5308
[1] S4_T1_n40000_c1_cc400_per_change                           run=  5219.5ms  closure=  39722  eff= 39718  3677ddfb5308
[1] S4_T1_n40000_c2_cc400_per_change                           run=  1739.2ms  closure=  39722  eff= 39718  3677ddfb5308
[1] S5_T4_n40000_c0_cc400_per_change                           run= 35827.0ms  closure=  40000  eff= 39859  1fdc913aedc4
[1] S5_T4_n40000_c1_cc400_per_change                           run= 49319.3ms  closure=  39859  eff= 39859  1fdc913aedc4
[1] S5_T4_n40000_c2_cc400_per_change                           run= 19108.8ms  closure=  39859  eff= 39859  1fdc913aedc4
[1] S6_T3_n40000_c0_cc4_per_change                             run=   313.7ms  closure=  40000  eff= 32942  9986f6ddc0ad
[1] S6_T3_n40000_c1_cc4_per_change                             run=   405.2ms  closure=  39604  eff= 32942  9986f6ddc0ad
[1] S6_T3_n40000_c2_cc4_per_change                             run=   246.9ms  closure=  39604  eff= 32942  9986f6ddc0ad
[1] S7_T2_n40000_c0_cc1_per_change                             run=    19.5ms  closure=  40000  eff=    25  ecbd713e0f58
[1] S7_T2_n40000_c1_cc1_per_change                             run=     2.0ms  closure=   1000  eff=    25  ecbd713e0f58
[1] S7_T2_n40000_c2_cc1_per_change                             run=     0.8ms  closure=   1000  eff=    25  ecbd713e0f58
[1] S8_T5_n40000_c0_cc8000_per_change                          run=320743.2ms  closure=  40000  eff= 39999  438201e84f36
[1] S8_T5_n40000_c1_cc8000_per_change                          run=179560.5ms  closure=  39999  eff= 39999  438201e84f36
[1] S8_T5_n40000_c2_cc8000_per_change                          run= 81982.7ms  closure=  39999  eff= 39999  438201e84f36
[1] S9_T1_n1000_c0_cc1_per_change                              run=     0.7ms  closure=   1000  eff=     1  614c91ccfd93
[1] S9_T1_n1000_c1_cc1_per_change                              run=     0.1ms  closure=      1  eff=     1  614c91ccfd93
[1] S9_T1_n1000_c2_cc1_per_change                              run=     0.0ms  closure=      1  eff=     1  614c91ccfd93
[1] S9_T1_n10000_c0_cc1_per_change                             run=     7.6ms  closure=  10000  eff=     1  7152a05228fc
[1] S9_T1_n10000_c1_cc1_per_change                             run=     2.0ms  closure=      1  eff=     1  7152a05228fc
[1] S9_T1_n10000_c2_cc1_per_change                             run=     0.0ms  closure=      1  eff=     1  7152a05228fc
[1] S9_T1_n40000_c0_cc1_per_change                             run=    32.1ms  closure=  40000  eff=     1  e378b457d338
[1] S9_T1_n40000_c1_cc1_per_change                             run=    10.4ms  closure=      1  eff=     1  e378b457d338
[1] S9_T1_n40000_c2_cc1_per_change                             run=     0.0ms  closure=      1  eff=     1  e378b457d338
[1] S9_T1_n100000_c0_cc1_per_change                            run=    89.8ms  closure= 100000  eff=     1  bb12f3c152f1
[1] S9_T1_n100000_c1_cc1_per_change                            run=    38.2ms  closure=      1  eff=     1  bb12f3c152f1
[1] S9_T1_n100000_c2_cc1_per_change                            run=     0.0ms  closure=      1  eff=     1  bb12f3c152f1
[1] S10_T1_n1000_c0_cc10_per_change                            run=     7.2ms  closure=   1000  eff=   463  51a7ccef7578
[1] S10_T1_n1000_c1_cc10_per_change                            run=     2.3ms  closure=    463  eff=   463  51a7ccef7578
[1] S10_T1_n1000_c2_cc10_per_change                            run=     1.0ms  closure=    463  eff=   463  51a7ccef7578
[1] S10_T1_n10000_c0_cc100_per_change                          run=   780.2ms  closure=  10000  eff=  9988  3d9a7d99b5e4
[1] S10_T1_n10000_c1_cc100_per_change                          run=   246.0ms  closure=   9988  eff=  9988  3d9a7d99b5e4
[1] S10_T1_n10000_c2_cc100_per_change                          run=   106.8ms  closure=   9988  eff=  9988  3d9a7d99b5e4
[1] S10_T1_n40000_c0_cc400_per_change                          run= 13026.7ms  closure=  40000  eff= 39526  c77600779747
[1] S10_T1_n40000_c1_cc400_per_change                          run=  5669.8ms  closure=  39526  eff= 39526  c77600779747
[1] S10_T1_n40000_c2_cc400_per_change                          run=  2036.8ms  closure=  39526  eff= 39526  c77600779747
[1] S10_T1_n100000_c0_cc1000_per_change                        run= 87647.5ms  closure= 100000  eff= 99474  a7298738eff8
[1] S10_T1_n100000_c1_cc1000_per_change                        run= 49718.9ms  closure=  99474  eff= 99474  a7298738eff8
[1] S10_T1_n100000_c2_cc1000_per_change                        run=  9294.8ms  closure=  99474  eff= 99474  a7298738eff8
[1] SUPP_T1_n40000_c0_cc40_per_change                          run=  1307.1ms  closure=  40000  eff= 38911  7359b9d9c042
[1] SUPP_T1_n40000_c1_cc40_per_change                          run=   533.2ms  closure=  38911  eff= 38911  7359b9d9c042
[1] SUPP_T1_n40000_c2_cc40_per_change                          run=   187.9ms  closure=  38911  eff= 38911  7359b9d9c042
[1] SUPP_T1_n40000_c0_cc2000_per_change                        run= 65255.6ms  closure=  40000  eff= 39993  126076d46b61
[1] SUPP_T1_n40000_c1_cc2000_per_change                        run= 24724.2ms  closure=  39993  eff= 39993  126076d46b61
[1] SUPP_T1_n40000_c2_cc2000_per_change                        run=  6929.3ms  closure=  39993  eff= 39993  126076d46b61
[1] SUPP_T1_n40000_c0_cc8000_per_change                        run=268029.9ms  closure=  40000  eff= 39999  79506b180d3c
[1] SUPP_T1_n40000_c1_cc8000_per_change                        run=104944.4ms  closure=  39999  eff= 39999  79506b180d3c
[1] SUPP_T1_n40000_c2_cc8000_per_change                        run= 31522.4ms  closure=  39999  eff= 39999  79506b180d3c
[1] SUPP-B_T1_n40000_c0_cc1_batch                              run=    35.3ms  closure=  40000  eff=   590  13c5fa700239
[1] SUPP-B_T1_n40000_c1_cc1_batch                              run=    11.2ms  closure=    592  eff=   590  13c5fa700239
[1] SUPP-B_T1_n40000_c2_cc1_batch                              run=     2.0ms  closure=    592  eff=   590  13c5fa700239
[1] SUPP-B_T1_n40000_c0_cc4_batch                              run=    33.2ms  closure=  40000  eff=  9621  ac00b5ad681d
[1] SUPP-B_T1_n40000_c1_cc4_batch                              run=    25.0ms  closure=   9998  eff=  9621  ac00b5ad681d
[1] SUPP-B_T1_n40000_c2_cc4_batch                              run=    16.8ms  closure=   9998  eff=  9621  ac00b5ad681d
[1] SUPP-B_T1_n40000_c0_cc40_batch                             run=    36.3ms  closure=  40000  eff= 37791  2200d0be9b9e
[1] SUPP-B_T1_n40000_c1_cc40_batch                             run=    51.6ms  closure=  37791  eff= 37791  2200d0be9b9e
[1] SUPP-B_T1_n40000_c2_cc40_batch                             run=    55.6ms  closure=  37791  eff= 37791  2200d0be9b9e
[1] SUPP-B_T1_n40000_c0_cc400_batch                            run=    40.0ms  closure=  40000  eff= 39873  76840ef1fadc
[1] SUPP-B_T1_n40000_c1_cc400_batch                            run=    52.9ms  closure=  39873  eff= 39873  76840ef1fadc
[1] SUPP-B_T1_n40000_c2_cc400_batch                            run=    62.9ms  closure=  39873  eff= 39873  76840ef1fadc
[1] SUPP-B_T1_n40000_c0_cc2000_batch                           run=    34.8ms  closure=  40000  eff= 39979  51966eeea4ac
[1] SUPP-B_T1_n40000_c1_cc2000_batch                           run=    54.2ms  closure=  39979  eff= 39979  51966eeea4ac
[1] SUPP-B_T1_n40000_c2_cc2000_batch                           run=    67.2ms  closure=  39979  eff= 39979  51966eeea4ac
[1] SUPP-B_T1_n40000_c0_cc8000_batch                           run=    39.2ms  closure=  40000  eff= 39998  d9318253b531
[1] SUPP-B_T1_n40000_c1_cc8000_batch                           run=    62.4ms  closure=  39998  eff= 39998  d9318253b531
[1] SUPP-B_T1_n40000_c2_cc8000_batch                           run=    62.5ms  closure=  39998  eff= 39998  d9318253b531
[1] SUPP-B_T1_n40000_c0_cc20000_batch                          run=    42.4ms  closure=  40000  eff= 40000  c991494f2c0c
[1] SUPP-B_T1_n40000_c1_cc20000_batch                          run=    69.0ms  closure=  40000  eff= 40000  c991494f2c0c
[1] SUPP-B_T1_n40000_c2_cc20000_batch                          run=    73.0ms  closure=  40000  eff= 40000  c991494f2c0c
[2] S1_T1_n40000_c0_cc0_per_change                             run=     0.0ms  closure=      0  eff=     0  fdbc8189a7a2
[2] S1_T1_n40000_c1_cc0_per_change                             run=     0.0ms  closure=      0  eff=     0  fdbc8189a7a2
[2] S1_T1_n40000_c2_cc0_per_change                             run=     0.0ms  closure=      0  eff=     0  fdbc8189a7a2
[2] S2_T1_n40000_c0_cc1_per_change                             run=    35.2ms  closure=  40000  eff=     1  49ca8fa9b098
[2] S2_T1_n40000_c1_cc1_per_change                             run=    10.3ms  closure=      1  eff=     1  49ca8fa9b098
[2] S2_T1_n40000_c2_cc1_per_change                             run=     0.0ms  closure=      1  eff=     1  49ca8fa9b098
[2] S3_T3_n40000_c0_cc1_per_change                             run=    79.1ms  closure=  40000  eff= 12326  d06b92bcc09f
[2] S3_T3_n40000_c1_cc1_per_change                             run=    82.0ms  closure=  14566  eff= 12326  d06b92bcc09f
[2] S3_T3_n40000_c2_cc1_per_change                             run=    41.0ms  closure=  14566  eff= 12326  d06b92bcc09f
[2] S4_T1_n40000_c0_cc400_per_change                           run= 12928.6ms  closure=  40000  eff= 39718  3677ddfb5308
[2] S4_T1_n40000_c1_cc400_per_change                           run=  5213.8ms  closure=  39722  eff= 39718  3677ddfb5308
[2] S4_T1_n40000_c2_cc400_per_change                           run=  1718.1ms  closure=  39722  eff= 39718  3677ddfb5308
[2] S5_T4_n40000_c0_cc400_per_change                           run= 35904.4ms  closure=  40000  eff= 39859  1fdc913aedc4
[2] S5_T4_n40000_c1_cc400_per_change                           run= 46708.2ms  closure=  39859  eff= 39859  1fdc913aedc4
[2] S5_T4_n40000_c2_cc400_per_change                           run= 18631.0ms  closure=  39859  eff= 39859  1fdc913aedc4
[2] S6_T3_n40000_c0_cc4_per_change                             run=   318.0ms  closure=  40000  eff= 32942  9986f6ddc0ad
[2] S6_T3_n40000_c1_cc4_per_change                             run=   399.0ms  closure=  39604  eff= 32942  9986f6ddc0ad
[2] S6_T3_n40000_c2_cc4_per_change                             run=   241.3ms  closure=  39604  eff= 32942  9986f6ddc0ad
[2] S7_T2_n40000_c0_cc1_per_change                             run=    20.7ms  closure=  40000  eff=    25  ecbd713e0f58
[2] S7_T2_n40000_c1_cc1_per_change                             run=     2.1ms  closure=   1000  eff=    25  ecbd713e0f58
[2] S7_T2_n40000_c2_cc1_per_change                             run=     0.8ms  closure=   1000  eff=    25  ecbd713e0f58
[2] S8_T5_n40000_c0_cc8000_per_change                          run=302648.5ms  closure=  40000  eff= 39999  438201e84f36
[2] S8_T5_n40000_c1_cc8000_per_change                          run=170660.3ms  closure=  39999  eff= 39999  438201e84f36
[2] S8_T5_n40000_c2_cc8000_per_change                          run= 81872.1ms  closure=  39999  eff= 39999  438201e84f36
[2] S9_T1_n1000_c0_cc1_per_change                              run=     0.7ms  closure=   1000  eff=     1  614c91ccfd93
[2] S9_T1_n1000_c1_cc1_per_change                              run=     0.1ms  closure=      1  eff=     1  614c91ccfd93
[2] S9_T1_n1000_c2_cc1_per_change                              run=     0.0ms  closure=      1  eff=     1  614c91ccfd93
[2] S9_T1_n10000_c0_cc1_per_change                             run=     7.9ms  closure=  10000  eff=     1  7152a05228fc
[2] S9_T1_n10000_c1_cc1_per_change                             run=     2.1ms  closure=      1  eff=     1  7152a05228fc
[2] S9_T1_n10000_c2_cc1_per_change                             run=     0.0ms  closure=      1  eff=     1  7152a05228fc
[2] S9_T1_n40000_c0_cc1_per_change                             run=    32.7ms  closure=  40000  eff=     1  e378b457d338
[2] S9_T1_n40000_c1_cc1_per_change                             run=     9.5ms  closure=      1  eff=     1  e378b457d338
[2] S9_T1_n40000_c2_cc1_per_change                             run=     0.0ms  closure=      1  eff=     1  e378b457d338
[2] S9_T1_n100000_c0_cc1_per_change                            run=    92.2ms  closure= 100000  eff=     1  bb12f3c152f1
[2] S9_T1_n100000_c1_cc1_per_change                            run=    35.3ms  closure=      1  eff=     1  bb12f3c152f1
[2] S9_T1_n100000_c2_cc1_per_change                            run=     0.0ms  closure=      1  eff=     1  bb12f3c152f1
[2] S10_T1_n1000_c0_cc10_per_change                            run=     6.9ms  closure=   1000  eff=   463  51a7ccef7578
[2] S10_T1_n1000_c1_cc10_per_change                            run=     2.2ms  closure=    463  eff=   463  51a7ccef7578
[2] S10_T1_n1000_c2_cc10_per_change                            run=     1.0ms  closure=    463  eff=   463  51a7ccef7578
[2] S10_T1_n10000_c0_cc100_per_change                          run=   748.2ms  closure=  10000  eff=  9988  3d9a7d99b5e4
[2] S10_T1_n10000_c1_cc100_per_change                          run=   243.8ms  closure=   9988  eff=  9988  3d9a7d99b5e4
[2] S10_T1_n10000_c2_cc100_per_change                          run=   110.4ms  closure=   9988  eff=  9988  3d9a7d99b5e4
[2] S10_T1_n40000_c0_cc400_per_change                          run= 13024.6ms  closure=  40000  eff= 39526  c77600779747
[2] S10_T1_n40000_c1_cc400_per_change                          run=  5434.8ms  closure=  39526  eff= 39526  c77600779747
[2] S10_T1_n40000_c2_cc400_per_change                          run=  2015.0ms  closure=  39526  eff= 39526  c77600779747
[2] S10_T1_n100000_c0_cc1000_per_change                        run= 87301.3ms  closure= 100000  eff= 99474  a7298738eff8
[2] S10_T1_n100000_c1_cc1000_per_change                        run= 43797.9ms  closure=  99474  eff= 99474  a7298738eff8
[2] S10_T1_n100000_c2_cc1000_per_change                        run=  8289.0ms  closure=  99474  eff= 99474  a7298738eff8
[2] SUPP_T1_n40000_c0_cc40_per_change                          run=  1297.2ms  closure=  40000  eff= 38911  7359b9d9c042
[2] SUPP_T1_n40000_c1_cc40_per_change                          run=   537.4ms  closure=  38911  eff= 38911  7359b9d9c042
[2] SUPP_T1_n40000_c2_cc40_per_change                          run=   183.8ms  closure=  38911  eff= 38911  7359b9d9c042
[2] SUPP_T1_n40000_c0_cc2000_per_change                        run= 66382.9ms  closure=  40000  eff= 39993  126076d46b61
[2] SUPP_T1_n40000_c1_cc2000_per_change                        run= 24560.7ms  closure=  39993  eff= 39993  126076d46b61
[2] SUPP_T1_n40000_c2_cc2000_per_change                        run=  6997.7ms  closure=  39993  eff= 39993  126076d46b61
[2] SUPP_T1_n40000_c0_cc8000_per_change                        run=265443.9ms  closure=  40000  eff= 39999  79506b180d3c
[2] SUPP_T1_n40000_c1_cc8000_per_change                        run=107768.1ms  closure=  39999  eff= 39999  79506b180d3c
[2] SUPP_T1_n40000_c2_cc8000_per_change                        run= 31435.4ms  closure=  39999  eff= 39999  79506b180d3c
[2] SUPP-B_T1_n40000_c0_cc1_batch                              run=    32.8ms  closure=  40000  eff=   590  13c5fa700239
[2] SUPP-B_T1_n40000_c1_cc1_batch                              run=     9.7ms  closure=    592  eff=   590  13c5fa700239
[2] SUPP-B_T1_n40000_c2_cc1_batch                              run=     1.9ms  closure=    592  eff=   590  13c5fa700239
[2] SUPP-B_T1_n40000_c0_cc4_batch                              run=    34.3ms  closure=  40000  eff=  9621  ac00b5ad681d
[2] SUPP-B_T1_n40000_c1_cc4_batch                              run=    22.5ms  closure=   9998  eff=  9621  ac00b5ad681d
[2] SUPP-B_T1_n40000_c2_cc4_batch                              run=    16.8ms  closure=   9998  eff=  9621  ac00b5ad681d
[2] SUPP-B_T1_n40000_c0_cc40_batch                             run=    37.7ms  closure=  40000  eff= 37791  2200d0be9b9e
[2] SUPP-B_T1_n40000_c1_cc40_batch                             run=    52.5ms  closure=  37791  eff= 37791  2200d0be9b9e
[2] SUPP-B_T1_n40000_c2_cc40_batch                             run=    56.0ms  closure=  37791  eff= 37791  2200d0be9b9e
[2] SUPP-B_T1_n40000_c0_cc400_batch                            run=    35.5ms  closure=  40000  eff= 39873  76840ef1fadc
[2] SUPP-B_T1_n40000_c1_cc400_batch                            run=    55.3ms  closure=  39873  eff= 39873  76840ef1fadc
[2] SUPP-B_T1_n40000_c2_cc400_batch                            run=    66.2ms  closure=  39873  eff= 39873  76840ef1fadc
[2] SUPP-B_T1_n40000_c0_cc2000_batch                           run=    35.6ms  closure=  40000  eff= 39979  51966eeea4ac
[2] SUPP-B_T1_n40000_c1_cc2000_batch                           run=    55.1ms  closure=  39979  eff= 39979  51966eeea4ac
[2] SUPP-B_T1_n40000_c2_cc2000_batch                           run=    62.1ms  closure=  39979  eff= 39979  51966eeea4ac
[2] SUPP-B_T1_n40000_c0_cc8000_batch                           run=    40.3ms  closure=  40000  eff= 39998  d9318253b531
[2] SUPP-B_T1_n40000_c1_cc8000_batch                           run=    55.2ms  closure=  39998  eff= 39998  d9318253b531
[2] SUPP-B_T1_n40000_c2_cc8000_batch                           run=    64.0ms  closure=  39998  eff= 39998  d9318253b531
[2] SUPP-B_T1_n40000_c0_cc20000_batch                          run=    40.1ms  closure=  40000  eff= 40000  c991494f2c0c
[2] SUPP-B_T1_n40000_c1_cc20000_batch                          run=    67.4ms  closure=  40000  eff= 40000  c991494f2c0c
[2] SUPP-B_T1_n40000_c2_cc20000_batch                          run=    67.8ms  closure=  40000  eff= 40000  c991494f2c0c
TOTAL 50.0 min
